[2026-08-27 13:10:03] [ERRO] API Key do GG.deals ausente
--------------------------------------------------------------------------------
[2026-08-27 13:53:10] [ERRO] Steam App ID não configurado para consulta GG.deals
{"nome":"Red Dead Redemption 2","jogo_id":1}
--------------------------------------------------------------------------------
[2026-08-27 14:04:21] [ERRO] Steam App ID não configurado para consulta GG.deals
{"nome":"Red Dead Redemption 2","jogo_id":1}
--------------------------------------------------------------------------------
[2026-08-27 14:31:43] [ERRO] Steam App ID não configurado para consulta GG.deals
{"nome":"Brawlhalla","jogo_id":214}
--------------------------------------------------------------------------------
[2026-08-27 16:15:14] [ERRO] Steam App ID não configurado para consulta GG.deals
{"nome":"Hades","jogo_id":263}
--------------------------------------------------------------------------------
[2026-08-27 16:15:18] [ERRO] Steam App ID não configurado para consulta GG.deals
{"nome":"Hades","jogo_id":263}
--------------------------------------------------------------------------------
[2026-08-27 16:33:52] [ERRO] Steam App ID não configurado para consulta GG.deals
{"nome":"Hades","jogo_id":263}
--------------------------------------------------------------------------------
[2026-08-27 16:34:01] [ERRO] Steam App ID não configurado para consulta GG.deals
{"nome":"Mafia","jogo_id":292}
--------------------------------------------------------------------------------
[2026-08-27 16:36:59] [ERRO] Steam App ID não configurado para consulta GG.deals
{"nome":"Mafia","jogo_id":292}
--------------------------------------------------------------------------------
[2026-08-27 16:37:04] [ERRO] Steam App ID não configurado para consulta GG.deals
{"nome":"Red Dead Redemption 2","jogo_id":1}
--------------------------------------------------------------------------------
[2026-08-27 16:37:09] [ERRO] Steam App ID não configurado para consulta GG.deals
{"nome":"Red Dead Redemption 2","jogo_id":1}
--------------------------------------------------------------------------------
[2026-08-27 16:37:10] [ERRO] Steam App ID não configurado para consulta GG.deals
{"nome":"Red Dead Redemption 2","jogo_id":1}
--------------------------------------------------------------------------------
[2026-08-27 16:37:11] [ERRO] Steam App ID não configurado para consulta GG.deals
{"nome":"Red Dead Redemption 2","jogo_id":1}
--------------------------------------------------------------------------------
