[2026-09-02 15:31:10] [ERRO] Resposta JSON inválida do serviço de preços
{"status":200,"resposta":"<!DOCTYPE HTML PUBLIC \"-//W3C//DTD HTML 4.01//EN\" \"http://www.w3.org/TR/html4/strict.dtd\">\n\n<html>\n\t<head>\n\t\t<meta name=\"robots\" content=\"noindex,nofollow\" />\n\t\t<meta content=\"yes\" name=\"apple-mobile-web-app-capable\" />\n        \t<meta content=\"text/html; charset=utf-8\" http-equiv=\"Content-Type\" />\n\t\t\n\t\t<link rel=\"icon\" type=\"image/vnd.microsoft.icon\" href=\"img/favicon.ico\"/>                          <link rel=\"shortcut icon\" type=\"image/vnd.microsoft.icon\" href=\"img/favicon.ico\"/>         \t\t<lin"}
--------------------------------------------------------------------------------
[2026-09-02 16:08:23] [ERRO] Resposta JSON inválida do serviço de preços
{"status":200,"resposta":"<!DOCTYPE HTML PUBLIC \"-//W3C//DTD HTML 4.01//EN\" \"http://www.w3.org/TR/html4/strict.dtd\">\n\n<html>\n\t<head>\n\t\t<meta name=\"robots\" content=\"noindex,nofollow\" />\n\t\t<meta content=\"yes\" name=\"apple-mobile-web-app-capable\" />\n        \t<meta content=\"text/html; charset=utf-8\" http-equiv=\"Content-Type\" />\n\t\t\n\t\t<link rel=\"icon\" type=\"image/vnd.microsoft.icon\" href=\"img/favicon.ico\"/>                          <link rel=\"shortcut icon\" type=\"image/vnd.microsoft.icon\" href=\"img/favicon.ico\"/>         \t\t<lin"}
--------------------------------------------------------------------------------
[2026-09-02 16:19:35] [ERRO] Resposta JSON inválida do serviço de preços
{"status":200,"resposta":"<!DOCTYPE HTML PUBLIC \"-//W3C//DTD HTML 4.01//EN\" \"http://www.w3.org/TR/html4/strict.dtd\">\n\n<html>\n\t<head>\n\t\t<meta name=\"robots\" content=\"noindex,nofollow\" />\n\t\t<meta content=\"yes\" name=\"apple-mobile-web-app-capable\" />\n        \t<meta content=\"text/html; charset=utf-8\" http-equiv=\"Content-Type\" />\n\t\t\n\t\t<link rel=\"icon\" type=\"image/vnd.microsoft.icon\" href=\"img/favicon.ico\"/>                          <link rel=\"shortcut icon\" type=\"image/vnd.microsoft.icon\" href=\"img/favicon.ico\"/>         \t\t<lin"}
--------------------------------------------------------------------------------
[2026-09-02 16:19:40] [ERRO] Resposta JSON inválida do serviço de preços
{"status":200,"resposta":"<!DOCTYPE HTML PUBLIC \"-//W3C//DTD HTML 4.01//EN\" \"http://www.w3.org/TR/html4/strict.dtd\">\n\n<html>\n\t<head>\n\t\t<meta name=\"robots\" content=\"noindex,nofollow\" />\n\t\t<meta content=\"yes\" name=\"apple-mobile-web-app-capable\" />\n        \t<meta content=\"text/html; charset=utf-8\" http-equiv=\"Content-Type\" />\n\t\t\n\t\t<link rel=\"icon\" type=\"image/vnd.microsoft.icon\" href=\"img/favicon.ico\"/>                          <link rel=\"shortcut icon\" type=\"image/vnd.microsoft.icon\" href=\"img/favicon.ico\"/>         \t\t<lin"}
--------------------------------------------------------------------------------
[2026-09-02 16:19:51] [ERRO] Resposta JSON inválida do serviço de preços
{"status":200,"resposta":"<!DOCTYPE HTML PUBLIC \"-//W3C//DTD HTML 4.01//EN\" \"http://www.w3.org/TR/html4/strict.dtd\">\n\n<html>\n\t<head>\n\t\t<meta name=\"robots\" content=\"noindex,nofollow\" />\n\t\t<meta content=\"yes\" name=\"apple-mobile-web-app-capable\" />\n        \t<meta content=\"text/html; charset=utf-8\" http-equiv=\"Content-Type\" />\n\t\t\n\t\t<link rel=\"icon\" type=\"image/vnd.microsoft.icon\" href=\"img/favicon.ico\"/>                          <link rel=\"shortcut icon\" type=\"image/vnd.microsoft.icon\" href=\"img/favicon.ico\"/>         \t\t<lin"}
--------------------------------------------------------------------------------
[2026-09-02 16:37:46] [ERRO] Resposta JSON inválida do serviço de preços
{"status":200,"resposta":"<!DOCTYPE HTML PUBLIC \"-//W3C//DTD HTML 4.01//EN\" \"http://www.w3.org/TR/html4/strict.dtd\">\n\n<html>\n\t<head>\n\t\t<meta name=\"robots\" content=\"noindex,nofollow\" />\n\t\t<meta content=\"yes\" name=\"apple-mobile-web-app-capable\" />\n        \t<meta content=\"text/html; charset=utf-8\" http-equiv=\"Content-Type\" />\n\t\t\n\t\t<link rel=\"icon\" type=\"image/vnd.microsoft.icon\" href=\"img/favicon.ico\"/>                          <link rel=\"shortcut icon\" type=\"image/vnd.microsoft.icon\" href=\"img/favicon.ico\"/>         \t\t<lin"}
--------------------------------------------------------------------------------
[2026-09-02 16:41:33] [ERRO] Resposta JSON inválida do serviço de preços
{"status":200,"resposta":"<!DOCTYPE HTML PUBLIC \"-//W3C//DTD HTML 4.01//EN\" \"http://www.w3.org/TR/html4/strict.dtd\">\n\n<html>\n\t<head>\n\t\t<meta name=\"robots\" content=\"noindex,nofollow\" />\n\t\t<meta content=\"yes\" name=\"apple-mobile-web-app-capable\" />\n        \t<meta content=\"text/html; charset=utf-8\" http-equiv=\"Content-Type\" />\n\t\t\n\t\t<link rel=\"icon\" type=\"image/vnd.microsoft.icon\" href=\"img/favicon.ico\"/>                          <link rel=\"shortcut icon\" type=\"image/vnd.microsoft.icon\" href=\"img/favicon.ico\"/>         \t\t<lin"}
--------------------------------------------------------------------------------
[2026-09-02 16:43:28] [ERRO] Resposta JSON inválida do serviço de preços
{"status":200,"resposta":"<!DOCTYPE HTML PUBLIC \"-//W3C//DTD HTML 4.01//EN\" \"http://www.w3.org/TR/html4/strict.dtd\">\n\n<html>\n\t<head>\n\t\t<meta name=\"robots\" content=\"noindex,nofollow\" />\n\t\t<meta content=\"yes\" name=\"apple-mobile-web-app-capable\" />\n        \t<meta content=\"text/html; charset=utf-8\" http-equiv=\"Content-Type\" />\n\t\t\n\t\t<link rel=\"icon\" type=\"image/vnd.microsoft.icon\" href=\"img/favicon.ico\"/>                          <link rel=\"shortcut icon\" type=\"image/vnd.microsoft.icon\" href=\"img/favicon.ico\"/>         \t\t<lin"}
--------------------------------------------------------------------------------
[2026-09-02 16:43:34] [ERRO] Resposta JSON inválida do serviço de preços
{"status":200,"resposta":"<!DOCTYPE HTML PUBLIC \"-//W3C//DTD HTML 4.01//EN\" \"http://www.w3.org/TR/html4/strict.dtd\">\n\n<html>\n\t<head>\n\t\t<meta name=\"robots\" content=\"noindex,nofollow\" />\n\t\t<meta content=\"yes\" name=\"apple-mobile-web-app-capable\" />\n        \t<meta content=\"text/html; charset=utf-8\" http-equiv=\"Content-Type\" />\n\t\t\n\t\t<link rel=\"icon\" type=\"image/vnd.microsoft.icon\" href=\"img/favicon.ico\"/>                          <link rel=\"shortcut icon\" type=\"image/vnd.microsoft.icon\" href=\"img/favicon.ico\"/>         \t\t<lin"}
--------------------------------------------------------------------------------
[2026-09-02 16:44:15] [ERRO] Falha de comunicação com o serviço de preços
{"erro":"","codigo_curl":56,"status_http":0,"tempo":0.045082,"url":"https://www.cheapshark.com/api/1.0/games?title=Elden+Ring&limit=20","url_final":"https://www.cheapshark.com/api/1.0/games?title=Elden+Ring&limit=20"}
--------------------------------------------------------------------------------
[2026-09-02 16:44:17] [ERRO] Resposta JSON inválida do serviço de preços
{"status":200,"resposta":"<!DOCTYPE HTML PUBLIC \"-//W3C//DTD HTML 4.01//EN\" \"http://www.w3.org/TR/html4/strict.dtd\">\n\n<html>\n\t<head>\n\t\t<meta name=\"robots\" content=\"noindex,nofollow\" />\n\t\t<meta content=\"yes\" name=\"apple-mobile-web-app-capable\" />\n        \t<meta content=\"text/html; charset=utf-8\" http-equiv=\"Content-Type\" />\n\t\t\n\t\t<link rel=\"icon\" type=\"image/vnd.microsoft.icon\" href=\"img/favicon.ico\"/>                          <link rel=\"shortcut icon\" type=\"image/vnd.microsoft.icon\" href=\"img/favicon.ico\"/>         \t\t<lin"}
--------------------------------------------------------------------------------
[2026-09-02 16:46:15] [ERRO] Resposta JSON inválida do serviço de preços
{"status":200,"resposta":"<!DOCTYPE HTML PUBLIC \"-//W3C//DTD HTML 4.01//EN\" \"http://www.w3.org/TR/html4/strict.dtd\">\n\n<html>\n\t<head>\n\t\t<meta name=\"robots\" content=\"noindex,nofollow\" />\n\t\t<meta content=\"yes\" name=\"apple-mobile-web-app-capable\" />\n        \t<meta content=\"text/html; charset=utf-8\" http-equiv=\"Content-Type\" />\n\t\t\n\t\t<link rel=\"icon\" type=\"image/vnd.microsoft.icon\" href=\"img/favicon.ico\"/>                          <link rel=\"shortcut icon\" type=\"image/vnd.microsoft.icon\" href=\"img/favicon.ico\"/>         \t\t<lin"}
--------------------------------------------------------------------------------
[2026-09-02 17:55:32] [ERRO] Resposta JSON inválida do serviço de preços
{"status":200,"resposta":"<!DOCTYPE HTML PUBLIC \"-//W3C//DTD HTML 4.01//EN\" \"http://www.w3.org/TR/html4/strict.dtd\">\n\n<html>\n\t<head>\n\t\t<meta name=\"robots\" content=\"noindex,nofollow\" />\n\t\t<meta content=\"yes\" name=\"apple-mobile-web-app-capable\" />\n        \t<meta content=\"text/html; charset=utf-8\" http-equiv=\"Content-Type\" />\n\t\t\n\t\t<link rel=\"icon\" type=\"image/vnd.microsoft.icon\" href=\"img/favicon.ico\"/>                          <link rel=\"shortcut icon\" type=\"image/vnd.microsoft.icon\" href=\"img/favicon.ico\"/>         \t\t<lin"}
--------------------------------------------------------------------------------
